  *********************************************************************************************************
  **                                                                                                     **
  **           888888888888                                                                              **
  **         8888888888888888                                                                            **
  **      888888888888888888                                                                             **
  **     888888888888888888                                                                              **
  **    888888888888888                                                                                  **
  **   88888888888888888888                               88888                       8888:              **
  **   8888888888888888888888Z                            88888                       8888:              **
  **   888888888888888888888888?                          88888                       8888:              **
  **   8888888888888      8888888                                        888888       8888:              **
  **    88888888888         888888     8888:     88888    88888        888888888I     8888:    888888    **
  **    8888888888           88888:    8888:     88888    88888      $888888888888    8888:   888888     **
  **    I8Z 88888             88888    8888:     88888    88888    .888888     8888   8888: 888888       **
  **    .8Z 88888             88888    8888:     88888    88888    $88888             8888:88888         **
  **     8I 88888      .=88. .88888    8888:     88888    88888    88888              8888888888         **
  **    :8  88888      888888$8888$    8888:     88888    88888    8888O              88888888888        **
  **   ,7   +88888.     8888888888.    8888:     88888    88888    888888             88888O888888       **
  **         $888888:.   .8888888      88888....888888    88888     888888     8888   8888:  888888      **
  **          I8888888888888888888     888888888888888    88888     O888888888888O    8888:   888888     **
  **            O888888888888888888     88888888888888    88888       88888888888$    8888:    888888    **
  **               8888888Z     888      .8888I  88888    88888         8888888       8888:     888888   **
  **                                                                                                     **
  **                                                                                                     **
  **                                         Copyright (c) 2022                                          **
  **                          Regents of the University of California San Diego                          **
  **                                    & Michigan State University                                      **
  **                                        All Rights Reserved.                                         **
  **                                                                                                     **
  **             This software is subject to the terms of the Mozilla Public License, v. 2.0.            **
  **                                                                                                     **
  *********************************************************************************************************
                                                                                                           
  Cite this work as:                                                                                       
  Manathunga, M.; Shajan, A.; Giese, T. J.; Cruzeiro, V.W.D.; Smith, J.; Miao, Y.; He, X.; Ayers, K.;      
  Brothers, E.; Goetz, A.W.; Merz, K.M. QUICK-22.03                                                        
  University of California San Diego, CA and Michigan State University, East Lansing, MI, 2022             
                                                                                                           
  If you have any comments or queries, please send us an email for technical support:                      
  quick.merzlab@gmail.com                                                                                  
                                                                                                           
| TASK STARTS ON: Fri Jul 22 11:25:37 2022
| INPUT FILE :    opt_nh4_pbe_def2svp.in
| OUTPUT FILE:    opt_nh4_pbe_def2svp.out
| DATA FILE  :    opt_nh4_pbe_def2svp.dat
| BASIS SET PATH: /home/madu/test-output-update/basis

|------------ GPU INFORMATION ---------------
| CUDA ENABLED DEVICE         :        3
| CUDA DEVICE IN USE          :        0
| CUDA DEVICE NAME            : NVIDIA TITAN V
| CUDA DEVICE PM              :       80
| CUDA DEVICE CORE FREQ(GHZ)  :     1.46
| CUDA DEVICE MEMORY SIZE (MB):    12066
| SUPPORTING CUDA VERSION     :      7.0
|--------------------------------------------

 @ Read Job And Atom

  KEYWORD=DFT LIBXC=HYB_GGA_XC_PBEH BASIS=DEF2-SVP CUTOFF=1.0E-9 DENSERMS=1.0E-6 OPTIMIZE=7 DIPOLE CHARGE=+1 LOPT                                                                                                 
 ============== JOB CARD =============
 METHOD = DENSITY FUNCTIONAL THEORY
 USING LIBXC VERSION: 4.3.4
 FUNCTIONAL INFORMATION:
 NAME = PBEH (PBE0) FAMILY = HYBRID GGA KIND = EXCHANGE CORRELATION
 DIRECT SCF 
 SAD INITAL GUESS 
 USE DIIS SCF
 PRINT ENERGY EVERY CYCLE
 READ SAD GUESS FROM FILE
 DIPOLE
 STANDARD GRID = SG1
 GEOMETRY OPTIMIZATION ANALYTICAL GRADIENT
 REQUEST CRITERIA FOR GEOMETRY CONVERGENCE: 
      MAX ALLOWED GEO CHANGE  =  0.189E+00
      MAX GEOMETRY CHANGE     =  0.180E-02
      GEOMETRY CHANGE RMS     =  0.120E-02
      MAX GRADIENT CHANGE     =  0.100E-02
      GRADIENT NORMALIZATION  =  0.300E-03
 GRADIENT CALCULATION
 MAX SCF CYCLES =    200
 MAX DIIS CYCLES =   10
 DELTA DENSITY START CYCLE =    3
 COMPUTATIONAL CUTOFF: 
      TWO-e INTEGRAL   =  0.100E-08
      BASIS SET PRIME  =  0.100E-09
      MATRIX ELEMENTS  =  0.100E-09
      BASIS FUNCTION   =  0.100E-05
      GRADIENT CUTOFF  =  0.100E-08
 DENSITY MATRIX MAXIMUM RMS FOR CONVERGENCE  =  0.100E-05
 BASIS SET = DEF2-SVP,  TYPE = CARTESIAN
| BASIS FILE = /home/madu/test-output-update/basis/DEF2-SVP.BAS

 @ Finish reading job


 @ Begin SAD initial guess

 For Atom Kind =    1
 ELEMENT = N 
 BASIS FUNCTIONS =   15
 For Atom Kind =    2
 ELEMENT = H 
 BASIS FUNCTIONS =    5

 @ Finish SAD initial guess


 @ Begin Reading Molecular Information


 =========== Molecule Input ==========
 TOTAL MOLECULAR CHARGE  =    1    MULTIPLICITY                =    1
 TOTAL ATOM NUMBER       =    5    NUMBER OF ATOM TYPES        =    2
 NUMBER OF HYDROGEN ATOM =    4    NUMBER OF NON-HYDROGEN ATOM =    1
 NUMBER OF ELECTRONS     =   10

 -- INPUT GEOMETRY -- :
    N           0.0000      -0.0001      -0.0000
    H           0.3535      -1.0008       0.0001
    H           0.3542       0.5006       0.8679
    H           0.3543       0.5008      -0.8681
    H          -1.0622      -0.0004       0.0001

 -- DISTANCE MATRIX -- :
              1           2           3           4           5
      1     0.00000
      2     2.00557     0.00000
      3     2.00828     3.27707     0.00000
      4     2.00883     3.27778     3.28056     0.00000
      5     2.00727     3.27583     3.27870     3.27934     0.00000

============== BASIS INFOS ==============
 BASIS FUNCTIONS =   35
 NSHELL =   18 NPRIM  =   53
 JSHELL =   18 JBASIS =   32


 @ End Reading Molecular Information 


 @ Begin Optimization Job


 @ Optimize for New Step


============  GEOMETRY FOR OPTIMIZATION STEP   1 OUT OF    7  ============

GEOMETRY INPUT
ELEMENT      X              Y              Z
  N           0.000040      -0.000120      -0.000000
  H           0.353540      -1.000820       0.000100
  H           0.354240       0.500580       0.867900
  H           0.354340       0.500780      -0.868100
  H          -1.062160      -0.000420       0.000100

 @ Begin XC Quadrature Formation

 OCTAGO: OCTree Algorithm for Grid Operations 
   PRUNING CUTOFF       = 0.100E-06
   INITIAL GRID POINTS  =       18824
|   FINAL GRID POINTS    =       12491
|   SIGNIFICANT NUMBER OF BASIS FUNCTIONS     =        6042
|   SIGNIFICANT NUMBER OF PRIMITIVE FUNCTIONS =        7022

 @ End XC Quadrature Formation


 @ Begin Energy Calculation

                                         SCF ENERGY
| ------------------------------------------------------------------------------------------------------------------------
| NCYC       ENERGY         DELTA_E      SCF_TIME  DII_CYC   DII_TIME   O_TIME  DIAG_TIME    MAX_ERR    RMS_CHG    MAX_CHG
| ------------------------------------------------------------------------------------------------------------------------
|  1    -57.075617402      ------         0.038     1        0.00      0.03      0.00    0.2315E+01  0.4775E-01  0.3543E+00
|  2    -56.780069383  -.295548E+00       0.013     2        0.00      0.01      0.00    0.5312E-01  0.6313E-02  0.7920E-01
|  3    -56.782739279  0.266990E-02       0.013     3        0.00      0.01      0.00    0.5549E-01  0.2902E-02  0.4263E-01
|  4    -56.786737959  0.399868E-02       0.013     4        0.00      0.01      0.00    0.1193E-01  0.5116E-03  0.7347E-02
|  5    -56.786931385  0.193426E-03       0.013     5        0.00      0.01      0.00    0.3069E-03  0.1475E-04  0.2229E-03
|  6    -56.786930991  -.394567E-06       0.012     6        0.00      0.01      0.00    0.1021E-04  0.1000E-05  0.1688E-04
| -------------- 2E-INT CUTOFF CHANGE TO 0.1000E-08 ------------
|  7    -56.786930991  -.553673E-10       0.012     7        0.00      0.01      0.00    0.1352E-05  0.1048E-06  0.1485E-05
| ------------------------------------------------------------------------------------------------------------------------
| REACH CONVERGENCE AFTER   7 CYCLES
| MAX ERROR = 0.135210E-05   RMS CHANGE = 0.104816E-06   MAX CHANGE = 0.148462E-05
| -----------------------------------------------
 ALPHA ELECTRON DENSITY    =     4.9999910269
 BETA ELECTRON DENSITY     =     4.9999910269
 ELECTRONIC ENERGY    =    -72.564986730
 CORE_CORE REPULSION  =     15.778055739
 TOTAL ENERGY         =    -56.786930991

 @ End Energy calculation


 ANALYTICAL GRADIENT: 
----------------------------------------------------------------------------
 VARIBLES    OLD_X            OLD_GRAD        NEW_GRAD          NEW_X
----------------------------------------------------------------------------
    1X     0.0000400000     0.0000000000    -0.0000527860     0.0006199447
    1Y    -0.0001200000     0.0000000000    -0.0007413661     0.0080251769
    1Z    -0.0000000000     0.0000000000     0.0001219726    -0.0013400783
    2X     0.3535400270     0.0000000000     0.0077566238     0.2683202221
    2Y    -1.0008200764     0.0000000000    -0.0221295021    -0.9008200764
    2Z     0.0001000000     0.0000000000     0.0000138955    -0.0000526655
    3X     0.3542400271     0.0000000000     0.0081059500     0.2651822747
    3Y     0.5005800382     0.0000000000     0.0114129760     0.4005800382
    3Z     0.8679000663     0.0000000000     0.0199069292     0.7679000663
    4X     0.3543400271     0.0000000000     0.0081760835     0.2645117383
    4Y     0.5007800382     0.0000000000     0.0115185513     0.4007800382
    4Z    -0.8681000663     0.0000000000    -0.0200583953    -0.7681000663
    5X    -1.0621600811     0.0000000000    -0.0239858713    -0.9621600811
    5Y    -0.0004200000     0.0000000000    -0.0000606591     0.0002464440
    5Z     0.0001000000     0.0000000000     0.0000155980    -0.0000713709
----------------------------------------------------------------------------
 OPTIMZATION STATISTICS:
 MAXIMUM GRADIENT ELEMENT =     0.2398587128E-01 (REQUEST =     0.1000000000E-02 )

 @ Finish Optimization for This Step


 @ Optimize for New Step


============  GEOMETRY FOR OPTIMIZATION STEP   2 OUT OF    7  ============

GEOMETRY INPUT
ELEMENT      X              Y              Z
  N           0.000620       0.008025      -0.001340
  H           0.268320      -0.900820      -0.000053
  H           0.265182       0.400580       0.767900
  H           0.264512       0.400780      -0.768100
  H          -0.962160       0.000246      -0.000071

 @ Begin XC Quadrature Formation

 OCTAGO: OCTree Algorithm for Grid Operations 
   PRUNING CUTOFF       = 0.100E-06
   INITIAL GRID POINTS  =       18824
|   FINAL GRID POINTS    =       12230
|   SIGNIFICANT NUMBER OF BASIS FUNCTIONS     =        6352
|   SIGNIFICANT NUMBER OF PRIMITIVE FUNCTIONS =        7534

 @ End XC Quadrature Formation


 @ Begin Energy Calculation

                                         SCF ENERGY
| ------------------------------------------------------------------------------------------------------------------------
| NCYC       ENERGY         DELTA_E      SCF_TIME  DII_CYC   DII_TIME   O_TIME  DIAG_TIME    MAX_ERR    RMS_CHG    MAX_CHG
| ------------------------------------------------------------------------------------------------------------------------
|  1    -57.077764637      ------         0.014     1        0.00      0.01      0.00    0.5252E+00  0.9764E-02  0.1303E+00
|  2    -56.735729487  -.342035E+00       0.012     2        0.00      0.01      0.00    0.8033E-01  0.6413E-02  0.7847E-01
|  3    -56.739098614  0.336913E-02       0.012     3        0.00      0.01      0.00    0.6381E-01  0.2749E-02  0.4318E-01
|  4    -56.744355463  0.525685E-02       0.012     4        0.00      0.01      0.00    0.3397E-02  0.1424E-03  0.2182E-02
|  5    -56.744370357  0.148938E-04       0.012     5        0.00      0.01      0.00    0.5120E-04  0.6174E-05  0.6903E-04
| -------------- 2E-INT CUTOFF CHANGE TO 0.1000E-08 ------------
|  6    -56.744370363  0.643166E-08       0.012     6        0.00      0.01      0.00    0.1372E-04  0.8277E-06  0.1058E-04
| ------------------------------------------------------------------------------------------------------------------------
| REACH CONVERGENCE AFTER   6 CYCLES
| MAX ERROR = 0.137206E-04   RMS CHANGE = 0.827745E-06   MAX CHANGE = 0.105830E-04
| -----------------------------------------------
 ALPHA ELECTRON DENSITY    =     4.9999923066
 BETA ELECTRON DENSITY     =     4.9999923066
 ELECTRONIC ENERGY    =    -74.810199988
 CORE_CORE REPULSION  =     18.065829625
 TOTAL ENERGY         =    -56.744370363

 @ End Energy calculation


 ANALYTICAL GRADIENT: 
----------------------------------------------------------------------------
 VARIBLES    OLD_X            OLD_GRAD        NEW_GRAD          NEW_X
----------------------------------------------------------------------------
    1X     0.0006199447    -0.0000527860     0.0664525936     0.0002456296
    1Y     0.0080251769    -0.0007413661     0.0661508210     0.0027680156
    1Z    -0.0013400783     0.0001219726    -0.0035023492    -0.0004751483
    2X     0.2683202221     0.0077566238    -0.0291803709     0.3233238479
    2Y    -0.9008200764    -0.0221295021     0.0850516959    -0.9146138846
    2Z    -0.0000526655     0.0000138955     0.0001165948     0.0000458698
    3X     0.2651822747     0.0081059500    -0.0537075856     0.3226630363
    3Y     0.4005800382     0.0114129760    -0.0745191790     0.4561204207
    3Z     0.7679000663     0.0199069292    -0.1280691134     0.7903519791
    4X     0.2645117383     0.0081760835    -0.0548385193     0.3224898291
    4Y     0.4007800382     0.0115185513    -0.0762235203     0.4559091489
    4Z    -0.7681000663    -0.0200583953     0.1314116382    -0.7899619381
    5X    -0.9621600811    -0.0239858713     0.0712738822    -0.9687223428
    5Y     0.0002464440    -0.0000606591    -0.0004598176    -0.0001837006
    5Z    -0.0000713709     0.0000155980     0.0000432296     0.0000392375
----------------------------------------------------------------------------
 OPTIMIZATION STATISTICS:
 ENERGY CHANGE           =     0.4256062738E-01 (REQUEST=  0.10000E-05 )
 MAXIMUM GEOMETRY CHANGE =     0.5797809078E-01 (REQUEST=  0.18000E-02 )
 GEOMETRY CHANGE RMS     =     0.3372332914E-01 (REQUEST=  0.12000E-02 )
 GRADIENT NORM           =     0.6971142444E-01 (REQUEST=  0.30000E-03 )

 @ Finish Optimization for This Step


 @ Optimize for New Step


============  GEOMETRY FOR OPTIMIZATION STEP   3 OUT OF    7  ============

GEOMETRY INPUT
ELEMENT      X              Y              Z
  N           0.000246       0.002768      -0.000475
  H           0.323324      -0.914614       0.000046
  H           0.322663       0.456120       0.790352
  H           0.322490       0.455909      -0.789962
  H          -0.968722      -0.000184       0.000039

 @ Begin XC Quadrature Formation

 OCTAGO: OCTree Algorithm for Grid Operations 
   PRUNING CUTOFF       = 0.100E-06
   INITIAL GRID POINTS  =       18824
|   FINAL GRID POINTS    =       12333
|   SIGNIFICANT NUMBER OF BASIS FUNCTIONS     =        6181
|   SIGNIFICANT NUMBER OF PRIMITIVE FUNCTIONS =        7274

 @ End XC Quadrature Formation


 @ Begin Energy Calculation

                                         SCF ENERGY
| ------------------------------------------------------------------------------------------------------------------------
| NCYC       ENERGY         DELTA_E      SCF_TIME  DII_CYC   DII_TIME   O_TIME  DIAG_TIME    MAX_ERR    RMS_CHG    MAX_CHG
| ------------------------------------------------------------------------------------------------------------------------
|  1    -56.663367086      ------         0.013     1        0.00      0.01      0.00    0.2008E+00  0.3903E-02  0.4282E-01
|  2    -56.775172176  0.111805E+00       0.012     2        0.00      0.01      0.00    0.3153E-01  0.2518E-02  0.3099E-01
|  3    -56.775443430  0.271255E-03       0.012     3        0.00      0.01      0.00    0.2738E-01  0.1158E-02  0.1781E-01
|  4    -56.776428254  0.984824E-03       0.012     4        0.00      0.01      0.00    0.1082E-02  0.4569E-04  0.7537E-03
|  5    -56.776430749  0.249469E-05       0.012     5        0.00      0.01      0.00    0.5353E-04  0.4124E-05  0.3470E-04
| -------------- 2E-INT CUTOFF CHANGE TO 0.1000E-08 ------------
|  6    -56.776430753  0.474367E-08       0.012     6        0.00      0.01      0.00    0.1385E-04  0.6833E-06  0.5239E-05
| ------------------------------------------------------------------------------------------------------------------------
| REACH CONVERGENCE AFTER   6 CYCLES
| MAX ERROR = 0.138534E-04   RMS CHANGE = 0.683316E-06   MAX CHANGE = 0.523921E-05
| -----------------------------------------------
 ALPHA ELECTRON DENSITY    =     4.9999974846
 BETA ELECTRON DENSITY     =     4.9999974846
 ELECTRONIC ENERGY    =    -74.082441433
 CORE_CORE REPULSION  =     17.306010679
 TOTAL ENERGY         =    -56.776430753

 @ End Energy calculation


 ANALYTICAL GRADIENT: 
----------------------------------------------------------------------------
 VARIBLES    OLD_X            OLD_GRAD        NEW_GRAD          NEW_X
----------------------------------------------------------------------------
    1X     0.0002456296     0.0664525936     0.0007828798     0.0001073274
    1Y     0.0027680156     0.0661508210     0.0074270987     0.0008255970
    1Z    -0.0004751483    -0.0035023492    -0.0013057603    -0.0001555736
    2X     0.3233238479    -0.0291803709    -0.0191463673     0.3436466143
    2Y    -0.9146138846     0.0850516959     0.0538812973    -0.9725943558
    2Z     0.0000458698     0.0001165948     0.0000340249     0.0000822766
    3X     0.3226630363    -0.0537075856    -0.0212538092     0.3439010560
    3Y     0.4561204207    -0.0745191790    -0.0302298643     0.4860230242
    3Z     0.7903519791    -0.1280691134    -0.0520335983     0.8425091912
    4X     0.3224898291    -0.0548385193    -0.0217350605     0.3439116022
    4Y     0.4559091489    -0.0762235203    -0.0309044942     0.4860883651
    4Z    -0.7899619381     0.1314116382     0.0532753914    -0.8425159994
    5X    -0.9687223428     0.0712738822     0.0613523571    -1.0315666000
    5Y    -0.0001837006    -0.0004598176    -0.0001740374    -0.0003426306
    5Z     0.0000392375     0.0000432296     0.0000299424     0.0000801051
----------------------------------------------------------------------------
 OPTIMIZATION STATISTICS:
 ENERGY CHANGE           =    -0.3206039004E-01 (REQUEST=  0.10000E-05 )
 MAXIMUM GEOMETRY CHANGE =     0.6284425719E-01 (REQUEST=  0.18000E-02 )
 GEOMETRY CHANGE RMS     =     0.3258350688E-01 (REQUEST=  0.12000E-02 )
 GRADIENT NORM           =     0.3207307671E-01 (REQUEST=  0.30000E-03 )

 @ Finish Optimization for This Step


 @ Optimize for New Step


============  GEOMETRY FOR OPTIMIZATION STEP   4 OUT OF    7  ============

GEOMETRY INPUT
ELEMENT      X              Y              Z
  N           0.000107       0.000826      -0.000156
  H           0.343647      -0.972594       0.000082
  H           0.343901       0.486023       0.842509
  H           0.343912       0.486088      -0.842516
  H          -1.031567      -0.000343       0.000080

 @ Begin XC Quadrature Formation

 OCTAGO: OCTree Algorithm for Grid Operations 
   PRUNING CUTOFF       = 0.100E-06
   INITIAL GRID POINTS  =       18824
|   FINAL GRID POINTS    =       12428
|   SIGNIFICANT NUMBER OF BASIS FUNCTIONS     =        6195
|   SIGNIFICANT NUMBER OF PRIMITIVE FUNCTIONS =        7264

 @ End XC Quadrature Formation


 @ Begin Energy Calculation

                                         SCF ENERGY
| ------------------------------------------------------------------------------------------------------------------------
| NCYC       ENERGY         DELTA_E      SCF_TIME  DII_CYC   DII_TIME   O_TIME  DIAG_TIME    MAX_ERR    RMS_CHG    MAX_CHG
| ------------------------------------------------------------------------------------------------------------------------
|  1    -56.609481260      ------         0.013     1        0.00      0.01      0.00    0.2580E+00  0.4690E-02  0.6110E-01
|  2    -56.785895498  0.176414E+00       0.012     2        0.00      0.01      0.00    0.5473E-01  0.4059E-02  0.5060E-01
|  3    -56.787794716  0.189922E-02       0.012     3        0.00      0.01      0.00    0.3972E-01  0.1668E-02  0.2668E-01
|  4    -56.789950205  0.215549E-02       0.012     4        0.00      0.01      0.00    0.1934E-02  0.8076E-04  0.1396E-02
|  5    -56.789954468  0.426363E-05       0.012     5        0.00      0.01      0.00    0.3424E-04  0.3034E-05  0.5342E-04
| -------------- 2E-INT CUTOFF CHANGE TO 0.1000E-08 ------------
|  6    -56.789954471  0.265183E-08       0.012     6        0.00      0.01      0.00    0.9954E-05  0.4849E-06  0.5800E-05
| ------------------------------------------------------------------------------------------------------------------------
| REACH CONVERGENCE AFTER   6 CYCLES
| MAX ERROR = 0.995381E-05   RMS CHANGE = 0.484870E-06   MAX CHANGE = 0.580050E-05
| -----------------------------------------------
 ALPHA ELECTRON DENSITY    =     4.9999790611
 BETA ELECTRON DENSITY     =     4.9999790611
 ELECTRONIC ENERGY    =    -73.037675909
 CORE_CORE REPULSION  =     16.247721438
 TOTAL ENERGY         =    -56.789954471

 @ End Energy calculation


 ANALYTICAL GRADIENT: 
----------------------------------------------------------------------------
 VARIBLES    OLD_X            OLD_GRAD        NEW_GRAD          NEW_X
----------------------------------------------------------------------------
    1X     0.0001073274     0.0007828798     0.0001879025    -0.0001582397
    1Y     0.0008255970     0.0074270987     0.0010742433    -0.0006936839
    1Z    -0.0001555736    -0.0013057603    -0.0002043580     0.0001334013
    2X     0.3436466143    -0.0191463673     0.0004874263     0.3429761692
    2Y    -0.9725943558     0.0538812973    -0.0016267186    -0.9703480567
    2Z     0.0000822766     0.0000340249     0.0000285933     0.0000419163
    3X     0.3439010560    -0.0212538092     0.0003346421     0.3434472604
    3Y     0.4860230242    -0.0302298643     0.0003714453     0.4855249660
    3Z     0.8425091912    -0.0520335983     0.0009089618     0.8412716500
    4X     0.3439116022    -0.0217350605     0.0002920425     0.3435181495
    4Y     0.4860883651    -0.0309044942     0.0003171921     0.4856671953
    4Z    -0.8425159994     0.0532753914    -0.0007579775    -0.8414921027
    5X    -1.0315666000     0.0613523571    -0.0013020135    -1.0297833394
    5Y    -0.0003426306    -0.0001740374    -0.0001361621    -0.0001504207
    5Z     0.0000801051     0.0000299424     0.0000247803     0.0000451352
----------------------------------------------------------------------------
 OPTIMIZATION STATISTICS:
 ENERGY CHANGE           =    -0.1352371768E-01 (REQUEST=  0.10000E-05 )
 MAXIMUM GEOMETRY CHANGE =     0.2246299060E-02 (REQUEST=  0.18000E-02 )
 GEOMETRY CHANGE RMS     =     0.9846648245E-03 (REQUEST=  0.12000E-02 )
 GRADIENT NORM           =     0.7149207481E-03 (REQUEST=  0.30000E-03 )

 @ Finish Optimization for This Step


 @ Optimize for New Step


============  GEOMETRY FOR OPTIMIZATION STEP   5 OUT OF    7  ============

GEOMETRY INPUT
ELEMENT      X              Y              Z
  N          -0.000158      -0.000694       0.000133
  H           0.342976      -0.970348       0.000042
  H           0.343447       0.485525       0.841272
  H           0.343518       0.485667      -0.841492
  H          -1.029783      -0.000150       0.000045

 @ Begin XC Quadrature Formation

 OCTAGO: OCTree Algorithm for Grid Operations 
   PRUNING CUTOFF       = 0.100E-06
   INITIAL GRID POINTS  =       18824
|   FINAL GRID POINTS    =       12425
|   SIGNIFICANT NUMBER OF BASIS FUNCTIONS     =        5950
|   SIGNIFICANT NUMBER OF PRIMITIVE FUNCTIONS =        6944

 @ End XC Quadrature Formation


 @ Begin Energy Calculation

                                         SCF ENERGY
| ------------------------------------------------------------------------------------------------------------------------
| NCYC       ENERGY         DELTA_E      SCF_TIME  DII_CYC   DII_TIME   O_TIME  DIAG_TIME    MAX_ERR    RMS_CHG    MAX_CHG
| ------------------------------------------------------------------------------------------------------------------------
|  1    -56.794469915      ------         0.013     1        0.00      0.01      0.00    0.7516E-02  0.1358E-03  0.1527E-02
|  2    -56.789957523  -.451239E-02       0.012     2        0.00      0.01      0.00    0.1373E-02  0.1144E-03  0.1442E-02
|  3    -56.789959222  0.169942E-05       0.012     3        0.00      0.01      0.00    0.1243E-02  0.5184E-04  0.8078E-03
|  4    -56.789962246  0.302365E-05       0.012     4        0.00      0.01      0.00    0.4648E-04  0.2773E-05  0.3039E-04
| -------------- 2E-INT CUTOFF CHANGE TO 0.1000E-08 ------------
|  5    -56.789962250  0.416594E-08       0.012     5        0.00      0.01      0.00    0.1094E-04  0.6395E-06  0.8146E-05
| ------------------------------------------------------------------------------------------------------------------------
| REACH CONVERGENCE AFTER   5 CYCLES
| MAX ERROR = 0.109419E-04   RMS CHANGE = 0.639542E-06   MAX CHANGE = 0.814581E-05
| -----------------------------------------------
 ALPHA ELECTRON DENSITY    =     4.9999791357
 BETA ELECTRON DENSITY     =     4.9999791357
 ELECTRONIC ENERGY    =    -73.064070186
 CORE_CORE REPULSION  =     16.274107937
 TOTAL ENERGY         =    -56.789962250

 @ End Energy calculation


 ANALYTICAL GRADIENT: 
----------------------------------------------------------------------------
 VARIBLES    OLD_X            OLD_GRAD        NEW_GRAD          NEW_X
----------------------------------------------------------------------------
    1X    -0.0001582397     0.0001879025    -0.0002943867     0.0000127299
    1Y    -0.0006936839     0.0010742433    -0.0018248242     0.0003574787
    1Z     0.0001334013    -0.0002043580     0.0003423126    -0.0000640231
    2X     0.3429761692     0.0004874263    -0.0004187623     0.3431886866
    2Y    -0.9703480567    -0.0016267186     0.0012204208    -0.9709978192
    2Z     0.0000419163     0.0000285933    -0.0000071815     0.0000490936
    3X     0.3434472604     0.0003346421     0.0001092377     0.3433751579
    3Y     0.4855249660     0.0003714453     0.0001887839     0.4853931173
    3Z     0.8412716500     0.0009089618     0.0002408069     0.8411195398
    4X     0.3435181495     0.0002920425     0.0002337830     0.3433781505
    4Y     0.4856671953     0.0003171921     0.0003684754     0.4854382908
    4Z    -0.8414921027    -0.0007579775    -0.0005666427    -0.8411574636
    5X    -1.0297833394    -0.0013020135     0.0003701283    -1.0299547248
    5Y    -0.0001504207    -0.0001361621     0.0000471442    -0.0001910677
    5Z     0.0000451352     0.0000247803    -0.0000092953     0.0000528533
----------------------------------------------------------------------------
 OPTIMIZATION STATISTICS:
 ENERGY CHANGE           =    -0.7778847056E-05 (REQUEST=  0.10000E-05 )
 MAXIMUM GEOMETRY CHANGE =     0.1051162586E-02 (REQUEST=  0.18000E-02 )
 GEOMETRY CHANGE RMS     =     0.3560282343E-03 (REQUEST=  0.12000E-02 )
 GRADIENT NORM           =     0.6300815769E-03 (REQUEST=  0.30000E-03 )

 @ Finish Optimization for This Step


 @ Optimize for New Step


============  GEOMETRY FOR OPTIMIZATION STEP   6 OUT OF    7  ============

GEOMETRY INPUT
ELEMENT      X              Y              Z
  N           0.000013       0.000357      -0.000064
  H           0.343189      -0.970998       0.000049
  H           0.343375       0.485393       0.841120
  H           0.343378       0.485438      -0.841157
  H          -1.029955      -0.000191       0.000053

 @ Begin XC Quadrature Formation

 OCTAGO: OCTree Algorithm for Grid Operations 
   PRUNING CUTOFF       = 0.100E-06
   INITIAL GRID POINTS  =       18824
|   FINAL GRID POINTS    =       12426
|   SIGNIFICANT NUMBER OF BASIS FUNCTIONS     =        6195
|   SIGNIFICANT NUMBER OF PRIMITIVE FUNCTIONS =        7264

 @ End XC Quadrature Formation


 @ Begin Energy Calculation

                                         SCF ENERGY
| ------------------------------------------------------------------------------------------------------------------------
| NCYC       ENERGY         DELTA_E      SCF_TIME  DII_CYC   DII_TIME   O_TIME  DIAG_TIME    MAX_ERR    RMS_CHG    MAX_CHG
| ------------------------------------------------------------------------------------------------------------------------
|  1    -56.789816702      ------         0.013     1        0.00      0.01      0.00    0.4579E-02  0.5349E-04  0.4609E-03
|  2    -56.789962826  0.146125E-03       0.012     2        0.00      0.01      0.00    0.2233E-03  0.1851E-04  0.2280E-03
|  3    -56.789962639  -.187387E-06       0.012     3        0.00      0.01      0.00    0.1001E-03  0.5281E-05  0.6317E-04
| -------------- 2E-INT CUTOFF CHANGE TO 0.1000E-08 ------------
|  4    -56.789962654  0.151129E-07       0.012     4        0.00      0.01      0.00    0.2525E-04  0.1243E-05  0.1844E-04
|  5    -56.789962654  0.150681E-09       0.012     5        0.00      0.01      0.00    0.4385E-05  0.2127E-06  0.2791E-05
| ------------------------------------------------------------------------------------------------------------------------
| REACH CONVERGENCE AFTER   5 CYCLES
| MAX ERROR = 0.438500E-05   RMS CHANGE = 0.212711E-06   MAX CHANGE = 0.279120E-05
| -----------------------------------------------
 ALPHA ELECTRON DENSITY    =     4.9999792533
 BETA ELECTRON DENSITY     =     4.9999792533
 ELECTRONIC ENERGY    =    -73.063203115
 CORE_CORE REPULSION  =     16.273240461
 TOTAL ENERGY         =    -56.789962654

 @ End Energy calculation


 ANALYTICAL GRADIENT: 
----------------------------------------------------------------------------
 VARIBLES    OLD_X            OLD_GRAD        NEW_GRAD          NEW_X
----------------------------------------------------------------------------
    1X     0.0000127299    -0.0002943867     0.0000566648    -0.0000135060
    1Y     0.0003574787    -0.0018248242     0.0003534004     0.0001911562
    1Z    -0.0000640231     0.0003423126    -0.0000640261    -0.0000338864
    2X     0.3431886866    -0.0004187623    -0.0000353254     0.3432261024
    2Y    -0.9709978192     0.0012204208    -0.0000268223    -0.9710540860
    2Z     0.0000490936    -0.0000071815     0.0000137783     0.0000436566
    3X     0.3433751579     0.0001092377    -0.0000546234     0.3434286384
    3Y     0.4853931173     0.0001887839    -0.0001282732     0.4854891025
    3Z     0.8411195398     0.0002408069    -0.0000945827     0.8412351242
    4X     0.3433781505     0.0002337830    -0.0000617103     0.3434363462
    4Y     0.4854382908     0.0003684754    -0.0001347450     0.4855396249
    4Z    -0.8411574636    -0.0005666427     0.0001332153    -0.8412931277
    5X    -1.0299547248     0.0003701283     0.0000949943    -1.0300775809
    5Y    -0.0001910677     0.0000471442    -0.0000635598    -0.0001657976
    5Z     0.0000528533    -0.0000092953     0.0000116153     0.0000482333
----------------------------------------------------------------------------
 OPTIMIZATION STATISTICS:
 ENERGY CHANGE           =    -0.4042124147E-06 (REQUEST=  0.10000E-05 )
 MAXIMUM GEOMETRY CHANGE =     0.1663224764E-03 (REQUEST=  0.18000E-02 )
 GEOMETRY CHANGE RMS     =     0.8449926653E-04 (REQUEST=  0.12000E-02 )
 GRADIENT NORM           =     0.1199033531E-03 (REQUEST=  0.30000E-03 )

 GEOMETRY OPTIMIZED AFTER    6 CYCLES

 @ Finish Optimization for This Step

================ OPTIMIZED GEOMETRY INFORMATION ==============

 OPTIMIZED GEOMETRY IN CARTESIAN
 ELEMENT      X         Y         Z
  N       -0.0000    0.0002   -0.0000
  H        0.3432   -0.9711    0.0000
  H        0.3434    0.4855    0.8412
  H        0.3434    0.4855   -0.8413
  H       -1.0301   -0.0002    0.0000

 FORCE
 ELEMENT      X         Y         Z
  N       -0.0000   -0.0002    0.0000
  H        0.0000    0.0000   -0.0000
  H        0.0000    0.0001    0.0001
  H        0.0000    0.0001   -0.0001
  H       -0.0001    0.0000   -0.0000

 MINIMIZED ENERGY =    -56.789962654
===============================================================

 @ Finish Optimization Job


 @ Begin Charge and Dipole Calculation

    ATOMIC CHARGES
   ATOM          MULLIKEN            LOWDIN
   N              0.0189             0.1411
   H              0.2453             0.2142
   H              0.2453             0.2157
   H              0.2453             0.2157
   H              0.2453             0.2131
   TOTAL         1.0000             1.0000

    DIPOLE (DEBYE)
      X         Y         Z        TOTAL
    0.0002   -0.0005    0.0001    0.0005

 @ End Charge and Dipole Calculation


 @ Output Timing Information

------------- TIMING ---------------
| INITIAL GUESS TIME  =     2.046137000( 24.29%)
| DFT GRID OPERATIONS =     0.102835000(  1.22%)
| TOTAL SCF TIME      =     0.466277000(  5.53%)
|       TOTAL OP TIME      =     0.358683000(  4.26%)
|             TOTAL 1e TIME      =     0.009072000(  0.11%)
|             TOTAL 2e TIME      =     0.126725000(  1.50%)
|             TOTAL EXC TIME     =     0.211336000(  2.51%)
|       TOTAL DII TIME      =     0.107311000(  1.27%)
|             TOTAL DIAG TIME    =     0.079655000(  0.95%)
| TOTAL GRADIENT TIME      =     0.431222000(  5.12%)
|       TOTAL 1e GRADIENT TIME      =     0.050523000( 0.64%)
|       TOTAL 2e GRADIENT TIME      =     0.218085000( 2.59%)
|       TOTAL EXC GRADIENT TIME     =     0.159200000(  1.89%)
| TOTAL TIME          =     8.425357000
------------------------------------
| Job cpu time:  0 days  0 hours  0 minutes  8.4 seconds.

 @ Finish Output Timing Information

| Normal Termination. Task Finished on: Fri Jul 22 11:25:46 2022
